// Jest Snapshot v1, https://goo.gl/fbAQLP

exports[`Button should correctly render 1`] = `
<button
  className="sc-bdVaJa gHojya"
/>
`;
